// Jest Snapshot v1, https://goo.gl/fbAQLP

exports[`Plugin: (docs) should write category yaml 1`] = `
"label: "Classes"
position: 3"
`;

exports[`Plugin: (docs) should write doc 1`] = `
"---
sidebar_label: "Readme"
sidebar_position: 0
custom_edit_url: null
---

# MY README

[API](Modules.md)

> Some block quote

<!-- some comments -->

Some text
"
`;
